============================================================
Sprints 1-5: Computation Graph & Optimizer Tests
============================================================

Sprint 1: Core Infrastructure
------------------------------
Test: Graph create/free...
  ✓ PASSED
Test: Input node creation...
  ✓ PASSED
Test: Parameter node creation...
  ✓ PASSED
Test: Multiple nodes...
  ✓ PASSED
Test: Graph capacity expansion...
  ✓ PASSED
Test: Zero gradients...
  ✓ PASSED

Sprint 2: Forward Pass Operations
-----------------------------------
Test: Matrix multiplication...
  ✓ PASSED
Test: Element-wise addition...
  ✓ PASSED
Test: ReLU activation...
  ✓ PASSED
Test: Softmax activation...
  ✓ PASSED
Test: Composite graph (y = ReLU(Wx + b))...
  ✓ PASSED

Sprint 3: Backward Pass
------------------------
Test: Backward pass (simple matmul)...
  ✓ PASSED
Test: Backward pass (addition)...
  ✓ PASSED
Test: Backward pass (ReLU)...
  ✓ PASSED
Test: Backward pass (composite: y = ReLU(x @ W + b))...
  ✓ PASSED
Test: Gradient accumulation (shared node)...
  ✓ PASSED

Sprint 4: Advanced Backward Pass
----------------------------------
Test: Backward pass (softmax)...
  ✓ PASSED
Test: Backward pass (layer norm)...
  ✓ PASSED

Sprint 5: Optimizer & Training Loop
-------------------------------------
Test: SGD optimizer...
  ✓ PASSED
Test: SGD with momentum...
  ✓ PASSED
Test: Simple training loop (linear regression)...
  Final: w=2.5621 (target=2.0), b=1.1870 (target=3.0)
  Cleaning up...
  Freed t_w
  Freed t_b
  Freed optimizer
